
  Short help                                 
         
  USAGE  
         
    simple [command] [--flags]  
            
  COMMANDS  
            
    completion [command]  Generate the autocompletion script for the specified shell
    help [command]        Help about any command
    sub-cmd               A sub command
               
  FIRST GROUP  
               
    sub-cmd-2             A sub command
                
  SECOND GROUP  
                
    sub-cmd-3             A sub command
         
  FLAGS  
         
    -h --help             Help for simple
    -v --version          Version for simple

