
  no completions                             
                                             
  USAGE                                      

    simple [--flags]
                                             
  EXAMPLES                                   
                                             
                                             
                                             
                                             
  COMMANDS                                   
                                             
    help [command]  Help about any command
                                             
  FLAGS                                      
                                             
    -h --help       Help for simple
    -v --version    Version for simple

